// Jest Snapshot v1, https://goo.gl/fbAQLP

exports[`Pruebas en FirstApp Debe hacer Match con el Snapshot 1`] = `
<div>
  <h1
    data-testid="test-title"
  >
    Hola, soy un titulo
  </h1>
  <p>
    No hay subtitulo
  </p>
  <p>
    No hay subtitulo
  </p>
  <p>
    Ian Hernandez
  </p>
</div>
`;
